// Jest Snapshot v1, https://goo.gl/fbAQLP

exports[`<TenFrameGame /> renders correctly 1`] = `
<View
  accessible={true}
  collapsable={false}
  focusable={true}
  onClick={[Function]}
  onResponderGrant={[Function]}
  onResponderMove={[Function]}
  onResponderRelease={[Function]}
  onResponderTerminate={[Function]}
  onResponderTerminationRequest={[Function]}
  onStartShouldSetResponder={[Function]}
  style={
    {
      "backgroundColor": "#ff0",
      "border": "#000",
      "borderRadius": 75,
      "borderWidth": 3,
      "height": 150,
      "justifyContent": "center",
      "opacity": 1,
      "width": 150,
    }
  }
>
  <Text
    style={
      {
        "color": "#000",
        "fontSize": 30,
        "textAlign": "center",
      }
    }
  >
    Start game!
  </Text>
</View>
`;
