// Jest Snapshot v1, https://goo.gl/fbAQLP

exports[`<TenFrameGame /> renders correctly 1`] = `
[
  <Text
    style={
      {
        "color": "#ffe800",
        "fontSize": 48,
        "marginBottom": 50,
      }
    }
  >
    Score: 
    0
     out of 
    0
  </Text>,
  <Text
    style={
      {
        "color": "#fff",
        "fontSize": 24,
        "marginHorizontal": 15,
        "textAlign": "center",
      }
    }
  >
    How many counters are there?
  </Text>,
  <View
    style={
      {
        "flexDirection": "row",
        "flexWrap": "wrap",
        "justifyContent": "center",
        "maxWidth": 360,
        "width": "100%",
      }
    }
  >
    <View
      style={
        {
          "alignItems": "center",
          "backgroundColor": "#fff",
          "borderColor": "#000",
          "borderWidth": 3,
          "height": 72,
          "justifyContent": "center",
          "width": 72,
        }
      }
    >
      <View
        style=""
      />
    </View>
    <View
      style={
        {
          "alignItems": "center",
          "backgroundColor": "#fff",
          "borderColor": "#000",
          "borderWidth": 3,
          "height": 72,
          "justifyContent": "center",
          "width": 72,
        }
      }
    >
      <View
        style=""
      />
    </View>
    <View
      style={
        {
          "alignItems": "center",
          "backgroundColor": "#fff",
          "borderColor": "#000",
          "borderWidth": 3,
          "height": 72,
          "justifyContent": "center",
          "width": 72,
        }
      }
    >
      <View
        style=""
      />
    </View>
    <View
      style={
        {
          "alignItems": "center",
          "backgroundColor": "#fff",
          "borderColor": "#000",
          "borderWidth": 3,
          "height": 72,
          "justifyContent": "center",
          "width": 72,
        }
      }
    >
      <View
        style=""
      />
    </View>
    <View
      style={
        {
          "alignItems": "center",
          "backgroundColor": "#fff",
          "borderColor": "#000",
          "borderWidth": 3,
          "height": 72,
          "justifyContent": "center",
          "width": 72,
        }
      }
    >
      <View
        style=""
      />
    </View>
    <View
      style={
        {
          "alignItems": "center",
          "backgroundColor": "#fff",
          "borderColor": "#000",
          "borderWidth": 3,
          "height": 72,
          "justifyContent": "center",
          "width": 72,
        }
      }
    >
      <View
        style=""
      />
    </View>
    <View
      style={
        {
          "alignItems": "center",
          "backgroundColor": "#fff",
          "borderColor": "#000",
          "borderWidth": 3,
          "height": 72,
          "justifyContent": "center",
          "width": 72,
        }
      }
    >
      <View
        style=""
      />
    </View>
    <View
      style={
        {
          "alignItems": "center",
          "backgroundColor": "#fff",
          "borderColor": "#000",
          "borderWidth": 3,
          "height": 72,
          "justifyContent": "center",
          "width": 72,
        }
      }
    >
      <View
        style=""
      />
    </View>
    <View
      style={
        {
          "alignItems": "center",
          "backgroundColor": "#fff",
          "borderColor": "#000",
          "borderWidth": 3,
          "height": 72,
          "justifyContent": "center",
          "width": 72,
        }
      }
    >
      <View
        style=""
      />
    </View>
    <View
      style={
        {
          "alignItems": "center",
          "backgroundColor": "#fff",
          "borderColor": "#000",
          "borderWidth": 3,
          "height": 72,
          "justifyContent": "center",
          "width": 72,
        }
      }
    >
      <View
        style=""
      />
    </View>
  </View>,
  <View
    style={
      {
        "flexDirection": "row",
        "flexWrap": "wrap",
        "justifyContent": "center",
        "maxWidth": 375,
      }
    }
  >
    <View
      accessible={true}
      collapsable={false}
      focusable={true}
      onClick={[Function]}
      onResponderGrant={[Function]}
      onResponderMove={[Function]}
      onResponderRelease={[Function]}
      onResponderTerminate={[Function]}
      onResponderTerminationRequest={[Function]}
      onStartShouldSetResponder={[Function]}
      style={
        {
          "backgroundColor": "#fff",
          "borderColor": "#000",
          "borderRadius": 50,
          "borderWidth": 3,
          "height": 65,
          "margin": 5,
          "opacity": 1,
          "width": 65,
        }
      }
    >
      <Text
        style={
          {
            "fontSize": 48,
            "textAlign": "center",
          }
        }
      >
        1
      </Text>
    </View>
    <View
      accessible={true}
      collapsable={false}
      focusable={true}
      onClick={[Function]}
      onResponderGrant={[Function]}
      onResponderMove={[Function]}
      onResponderRelease={[Function]}
      onResponderTerminate={[Function]}
      onResponderTerminationRequest={[Function]}
      onStartShouldSetResponder={[Function]}
      style={
        {
          "backgroundColor": "#fff",
          "borderColor": "#000",
          "borderRadius": 50,
          "borderWidth": 3,
          "height": 65,
          "margin": 5,
          "opacity": 1,
          "width": 65,
        }
      }
    >
      <Text
        style={
          {
            "fontSize": 48,
            "textAlign": "center",
          }
        }
      >
        2
      </Text>
    </View>
    <View
      accessible={true}
      collapsable={false}
      focusable={true}
      onClick={[Function]}
      onResponderGrant={[Function]}
      onResponderMove={[Function]}
      onResponderRelease={[Function]}
      onResponderTerminate={[Function]}
      onResponderTerminationRequest={[Function]}
      onStartShouldSetResponder={[Function]}
      style={
        {
          "backgroundColor": "#fff",
          "borderColor": "#000",
          "borderRadius": 50,
          "borderWidth": 3,
          "height": 65,
          "margin": 5,
          "opacity": 1,
          "width": 65,
        }
      }
    >
      <Text
        style={
          {
            "fontSize": 48,
            "textAlign": "center",
          }
        }
      >
        3
      </Text>
    </View>
    <View
      accessible={true}
      collapsable={false}
      focusable={true}
      onClick={[Function]}
      onResponderGrant={[Function]}
      onResponderMove={[Function]}
      onResponderRelease={[Function]}
      onResponderTerminate={[Function]}
      onResponderTerminationRequest={[Function]}
      onStartShouldSetResponder={[Function]}
      style={
        {
          "backgroundColor": "#fff",
          "borderColor": "#000",
          "borderRadius": 50,
          "borderWidth": 3,
          "height": 65,
          "margin": 5,
          "opacity": 1,
          "width": 65,
        }
      }
    >
      <Text
        style={
          {
            "fontSize": 48,
            "textAlign": "center",
          }
        }
      >
        4
      </Text>
    </View>
    <View
      accessible={true}
      collapsable={false}
      focusable={true}
      onClick={[Function]}
      onResponderGrant={[Function]}
      onResponderMove={[Function]}
      onResponderRelease={[Function]}
      onResponderTerminate={[Function]}
      onResponderTerminationRequest={[Function]}
      onStartShouldSetResponder={[Function]}
      style={
        {
          "backgroundColor": "#fff",
          "borderColor": "#000",
          "borderRadius": 50,
          "borderWidth": 3,
          "height": 65,
          "margin": 5,
          "opacity": 1,
          "width": 65,
        }
      }
    >
      <Text
        style={
          {
            "fontSize": 48,
            "textAlign": "center",
          }
        }
      >
        5
      </Text>
    </View>
    <View
      accessible={true}
      collapsable={false}
      focusable={true}
      onClick={[Function]}
      onResponderGrant={[Function]}
      onResponderMove={[Function]}
      onResponderRelease={[Function]}
      onResponderTerminate={[Function]}
      onResponderTerminationRequest={[Function]}
      onStartShouldSetResponder={[Function]}
      style={
        {
          "backgroundColor": "#fff",
          "borderColor": "#000",
          "borderRadius": 50,
          "borderWidth": 3,
          "height": 65,
          "margin": 5,
          "opacity": 1,
          "width": 65,
        }
      }
    >
      <Text
        style={
          {
            "fontSize": 48,
            "textAlign": "center",
          }
        }
      >
        6
      </Text>
    </View>
    <View
      accessible={true}
      collapsable={false}
      focusable={true}
      onClick={[Function]}
      onResponderGrant={[Function]}
      onResponderMove={[Function]}
      onResponderRelease={[Function]}
      onResponderTerminate={[Function]}
      onResponderTerminationRequest={[Function]}
      onStartShouldSetResponder={[Function]}
      style={
        {
          "backgroundColor": "#fff",
          "borderColor": "#000",
          "borderRadius": 50,
          "borderWidth": 3,
          "height": 65,
          "margin": 5,
          "opacity": 1,
          "width": 65,
        }
      }
    >
      <Text
        style={
          {
            "fontSize": 48,
            "textAlign": "center",
          }
        }
      >
        7
      </Text>
    </View>
    <View
      accessible={true}
      collapsable={false}
      focusable={true}
      onClick={[Function]}
      onResponderGrant={[Function]}
      onResponderMove={[Function]}
      onResponderRelease={[Function]}
      onResponderTerminate={[Function]}
      onResponderTerminationRequest={[Function]}
      onStartShouldSetResponder={[Function]}
      style={
        {
          "backgroundColor": "#fff",
          "borderColor": "#000",
          "borderRadius": 50,
          "borderWidth": 3,
          "height": 65,
          "margin": 5,
          "opacity": 1,
          "width": 65,
        }
      }
    >
      <Text
        style={
          {
            "fontSize": 48,
            "textAlign": "center",
          }
        }
      >
        8
      </Text>
    </View>
    <View
      accessible={true}
      collapsable={false}
      focusable={true}
      onClick={[Function]}
      onResponderGrant={[Function]}
      onResponderMove={[Function]}
      onResponderRelease={[Function]}
      onResponderTerminate={[Function]}
      onResponderTerminationRequest={[Function]}
      onStartShouldSetResponder={[Function]}
      style={
        {
          "backgroundColor": "#fff",
          "borderColor": "#000",
          "borderRadius": 50,
          "borderWidth": 3,
          "height": 65,
          "margin": 5,
          "opacity": 1,
          "width": 65,
        }
      }
    >
      <Text
        style={
          {
            "fontSize": 48,
            "textAlign": "center",
          }
        }
      >
        9
      </Text>
    </View>
    <View
      accessible={true}
      collapsable={false}
      focusable={true}
      onClick={[Function]}
      onResponderGrant={[Function]}
      onResponderMove={[Function]}
      onResponderRelease={[Function]}
      onResponderTerminate={[Function]}
      onResponderTerminationRequest={[Function]}
      onStartShouldSetResponder={[Function]}
      style={
        {
          "backgroundColor": "#fff",
          "borderColor": "#000",
          "borderRadius": 50,
          "borderWidth": 3,
          "height": 65,
          "margin": 5,
          "opacity": 1,
          "width": 65,
        }
      }
    >
      <Text
        style={
          {
            "fontSize": 48,
            "textAlign": "center",
          }
        }
      >
        10
      </Text>
    </View>
  </View>,
]
`;
