// Jest Snapshot v1, https://goo.gl/fbAQLP

exports[`<TenFrameGame /> renders correctly 1`] = `
<View
  style={
    {
      "alignItems": "center",
      "justifyContent": "center",
      "marginTop": 20,
      "minHeight": 1234,
    }
  }
>
  <View
    accessible={true}
    collapsable={false}
    focusable={true}
    onClick={[Function]}
    onResponderGrant={[Function]}
    onResponderMove={[Function]}
    onResponderRelease={[Function]}
    onResponderTerminate={[Function]}
    onResponderTerminationRequest={[Function]}
    onStartShouldSetResponder={[Function]}
    style={
      {
        "backgroundColor": "#02d1fc",
        "border": "#000",
        "borderRadius": 500,
        "borderWidth": 3,
        "height": 375,
        "justifyContent": "center",
        "opacity": 1,
        "width": 375,
      }
    }
  >
    <Text
      style={
        {
          "color": "#000",
          "fontSize": 62.5,
          "textAlign": "center",
        }
      }
    >
      Start game!
    </Text>
  </View>
</View>
`;
