// Jest Snapshot v1, https://goo.gl/fbAQLP

exports[`<TenFrameTouch /> renders correctly 1`] = `
<View
  style={
    {
      "alignItems": "center",
      "justifyContent": "center",
      "marginTop": 20,
      "minHeight": 1234,
    }
  }
>
  <Text
    style={
      {
        "color": "#fff",
        "fontSize": 41.666666666666664,
        "margin": 15,
        "textAlign": "center",
      }
    }
  >
    Touch the ten frame to add counters to it.
  </Text>
  <View
    style={
      {
        "flexDirection": "row",
        "flexWrap": "wrap",
        "justifyContent": "center",
        "width": "100%",
      }
    }
  >
    <View
      accessible={true}
      collapsable={false}
      focusable={true}
      onClick={[Function]}
      onResponderGrant={[Function]}
      onResponderMove={[Function]}
      onResponderRelease={[Function]}
      onResponderTerminate={[Function]}
      onResponderTerminationRequest={[Function]}
      onStartShouldSetResponder={[Function]}
      style={
        {
          "alignItems": "center",
          "backgroundColor": "#fff",
          "borderColor": "#000",
          "borderWidth": 3,
          "height": 142.5,
          "justifyContent": "center",
          "opacity": 1,
          "width": "19%",
        }
      }
    >
      <View
        style=""
      />
    </View>
    <View
      accessible={true}
      collapsable={false}
      focusable={true}
      onClick={[Function]}
      onResponderGrant={[Function]}
      onResponderMove={[Function]}
      onResponderRelease={[Function]}
      onResponderTerminate={[Function]}
      onResponderTerminationRequest={[Function]}
      onStartShouldSetResponder={[Function]}
      style={
        {
          "alignItems": "center",
          "backgroundColor": "#fff",
          "borderColor": "#000",
          "borderWidth": 3,
          "height": 142.5,
          "justifyContent": "center",
          "opacity": 1,
          "width": "19%",
        }
      }
    >
      <View
        style=""
      />
    </View>
    <View
      accessible={true}
      collapsable={false}
      focusable={true}
      onClick={[Function]}
      onResponderGrant={[Function]}
      onResponderMove={[Function]}
      onResponderRelease={[Function]}
      onResponderTerminate={[Function]}
      onResponderTerminationRequest={[Function]}
      onStartShouldSetResponder={[Function]}
      style={
        {
          "alignItems": "center",
          "backgroundColor": "#fff",
          "borderColor": "#000",
          "borderWidth": 3,
          "height": 142.5,
          "justifyContent": "center",
          "opacity": 1,
          "width": "19%",
        }
      }
    >
      <View
        style=""
      />
    </View>
    <View
      accessible={true}
      collapsable={false}
      focusable={true}
      onClick={[Function]}
      onResponderGrant={[Function]}
      onResponderMove={[Function]}
      onResponderRelease={[Function]}
      onResponderTerminate={[Function]}
      onResponderTerminationRequest={[Function]}
      onStartShouldSetResponder={[Function]}
      style={
        {
          "alignItems": "center",
          "backgroundColor": "#fff",
          "borderColor": "#000",
          "borderWidth": 3,
          "height": 142.5,
          "justifyContent": "center",
          "opacity": 1,
          "width": "19%",
        }
      }
    >
      <View
        style=""
      />
    </View>
    <View
      accessible={true}
      collapsable={false}
      focusable={true}
      onClick={[Function]}
      onResponderGrant={[Function]}
      onResponderMove={[Function]}
      onResponderRelease={[Function]}
      onResponderTerminate={[Function]}
      onResponderTerminationRequest={[Function]}
      onStartShouldSetResponder={[Function]}
      style={
        {
          "alignItems": "center",
          "backgroundColor": "#fff",
          "borderColor": "#000",
          "borderWidth": 3,
          "height": 142.5,
          "justifyContent": "center",
          "opacity": 1,
          "width": "19%",
        }
      }
    >
      <View
        style=""
      />
    </View>
    <View
      accessible={true}
      collapsable={false}
      focusable={true}
      onClick={[Function]}
      onResponderGrant={[Function]}
      onResponderMove={[Function]}
      onResponderRelease={[Function]}
      onResponderTerminate={[Function]}
      onResponderTerminationRequest={[Function]}
      onStartShouldSetResponder={[Function]}
      style={
        {
          "alignItems": "center",
          "backgroundColor": "#fff",
          "borderColor": "#000",
          "borderWidth": 3,
          "height": 142.5,
          "justifyContent": "center",
          "opacity": 1,
          "width": "19%",
        }
      }
    >
      <View
        style=""
      />
    </View>
    <View
      accessible={true}
      collapsable={false}
      focusable={true}
      onClick={[Function]}
      onResponderGrant={[Function]}
      onResponderMove={[Function]}
      onResponderRelease={[Function]}
      onResponderTerminate={[Function]}
      onResponderTerminationRequest={[Function]}
      onStartShouldSetResponder={[Function]}
      style={
        {
          "alignItems": "center",
          "backgroundColor": "#fff",
          "borderColor": "#000",
          "borderWidth": 3,
          "height": 142.5,
          "justifyContent": "center",
          "opacity": 1,
          "width": "19%",
        }
      }
    >
      <View
        style=""
      />
    </View>
    <View
      accessible={true}
      collapsable={false}
      focusable={true}
      onClick={[Function]}
      onResponderGrant={[Function]}
      onResponderMove={[Function]}
      onResponderRelease={[Function]}
      onResponderTerminate={[Function]}
      onResponderTerminationRequest={[Function]}
      onStartShouldSetResponder={[Function]}
      style={
        {
          "alignItems": "center",
          "backgroundColor": "#fff",
          "borderColor": "#000",
          "borderWidth": 3,
          "height": 142.5,
          "justifyContent": "center",
          "opacity": 1,
          "width": "19%",
        }
      }
    >
      <View
        style=""
      />
    </View>
    <View
      accessible={true}
      collapsable={false}
      focusable={true}
      onClick={[Function]}
      onResponderGrant={[Function]}
      onResponderMove={[Function]}
      onResponderRelease={[Function]}
      onResponderTerminate={[Function]}
      onResponderTerminationRequest={[Function]}
      onStartShouldSetResponder={[Function]}
      style={
        {
          "alignItems": "center",
          "backgroundColor": "#fff",
          "borderColor": "#000",
          "borderWidth": 3,
          "height": 142.5,
          "justifyContent": "center",
          "opacity": 1,
          "width": "19%",
        }
      }
    >
      <View
        style=""
      />
    </View>
    <View
      accessible={true}
      collapsable={false}
      focusable={true}
      onClick={[Function]}
      onResponderGrant={[Function]}
      onResponderMove={[Function]}
      onResponderRelease={[Function]}
      onResponderTerminate={[Function]}
      onResponderTerminationRequest={[Function]}
      onStartShouldSetResponder={[Function]}
      style={
        {
          "alignItems": "center",
          "backgroundColor": "#fff",
          "borderColor": "#000",
          "borderWidth": 3,
          "height": 142.5,
          "justifyContent": "center",
          "opacity": 1,
          "width": "19%",
        }
      }
    >
      <View
        style=""
      />
    </View>
  </View>
  <Text
    style={
      {
        "color": "#fff",
        "fontSize": 80,
        "marginTop": 15,
      }
    }
  >
    0
  </Text>
</View>
`;
