// Jest Snapshot v1, https://goo.gl/fbAQLP

exports[`<TenFrame /> renders correctly 1`] = `
[
  <Text
    style={
      {
        "color": "#fff",
        "fontSize": 24,
        "marginHorizontal": 5,
        "textAlign": "center",
      }
    }
  >
    How many counters will you place?
  </Text>,
  <View
    style={
      {
        "alignItems": "center",
        "backgroundColor": "#fff",
        "borderRadius": 10,
        "height": 60,
        "justifyContent": "center",
        "marginVertical": 10,
        "width": "25%",
      }
    }
  >
    <TextInput
      contextMenuHidden={true}
      keyboardType="number-pad"
      maxLength={2}
      onChangeText={[Function]}
      returnKeyType="done"
      style={
        {
          "fontSize": 40,
          "height": 60,
          "margin": 12,
          "padding": 10,
          "textAlign": "center",
          "width": "100%",
        }
      }
      value={0}
    />
  </View>,
  <View
    style={
      {
        "flexDirection": "row",
        "flexWrap": "wrap",
        "justifyContent": "center",
        "maxWidth": 360,
        "width": "100%",
      }
    }
  >
    <View
      style={
        {
          "alignItems": "center",
          "backgroundColor": "#fff",
          "borderColor": "#000",
          "borderWidth": 3,
          "height": 72,
          "justifyContent": "center",
          "width": 72,
        }
      }
    >
      <View
        style=""
      />
    </View>
    <View
      style={
        {
          "alignItems": "center",
          "backgroundColor": "#fff",
          "borderColor": "#000",
          "borderWidth": 3,
          "height": 72,
          "justifyContent": "center",
          "width": 72,
        }
      }
    >
      <View
        style=""
      />
    </View>
    <View
      style={
        {
          "alignItems": "center",
          "backgroundColor": "#fff",
          "borderColor": "#000",
          "borderWidth": 3,
          "height": 72,
          "justifyContent": "center",
          "width": 72,
        }
      }
    >
      <View
        style=""
      />
    </View>
    <View
      style={
        {
          "alignItems": "center",
          "backgroundColor": "#fff",
          "borderColor": "#000",
          "borderWidth": 3,
          "height": 72,
          "justifyContent": "center",
          "width": 72,
        }
      }
    >
      <View
        style=""
      />
    </View>
    <View
      style={
        {
          "alignItems": "center",
          "backgroundColor": "#fff",
          "borderColor": "#000",
          "borderWidth": 3,
          "height": 72,
          "justifyContent": "center",
          "width": 72,
        }
      }
    >
      <View
        style=""
      />
    </View>
    <View
      style={
        {
          "alignItems": "center",
          "backgroundColor": "#fff",
          "borderColor": "#000",
          "borderWidth": 3,
          "height": 72,
          "justifyContent": "center",
          "width": 72,
        }
      }
    >
      <View
        style=""
      />
    </View>
    <View
      style={
        {
          "alignItems": "center",
          "backgroundColor": "#fff",
          "borderColor": "#000",
          "borderWidth": 3,
          "height": 72,
          "justifyContent": "center",
          "width": 72,
        }
      }
    >
      <View
        style=""
      />
    </View>
    <View
      style={
        {
          "alignItems": "center",
          "backgroundColor": "#fff",
          "borderColor": "#000",
          "borderWidth": 3,
          "height": 72,
          "justifyContent": "center",
          "width": 72,
        }
      }
    >
      <View
        style=""
      />
    </View>
    <View
      style={
        {
          "alignItems": "center",
          "backgroundColor": "#fff",
          "borderColor": "#000",
          "borderWidth": 3,
          "height": 72,
          "justifyContent": "center",
          "width": 72,
        }
      }
    >
      <View
        style=""
      />
    </View>
    <View
      style={
        {
          "alignItems": "center",
          "backgroundColor": "#fff",
          "borderColor": "#000",
          "borderWidth": 3,
          "height": 72,
          "justifyContent": "center",
          "width": 72,
        }
      }
    >
      <View
        style=""
      />
    </View>
  </View>,
]
`;
