// Jest Snapshot v1, https://goo.gl/fbAQLP

exports[`<About /> renders correctly 1`] = `
<View
  style={
    {
      "alignItems": "center",
      "justifyContent": "center",
      "marginTop": 20,
      "minHeight": 1234,
    }
  }
>
  <Image
    source={
      {
        "testUri": "../../../src/assets/images/tflogo.png",
      }
    }
    style={
      {
        "height": 200,
        "margin": 20,
        "width": 200,
      }
    }
  />
  <Text
    style={
      {
        "color": "#fff",
        "fontSize": 41.666666666666664,
        "margin": 15,
        "textAlign": "center",
      }
    }
  >
    Ten Frame, made by Dean Spooner!
  </Text>
  <Text
    style={
      {
        "color": "#fff",
        "fontSize": 41.666666666666664,
        "margin": 15,
        "textAlign": "center",
      }
    }
  >
    Built September/October 2022.
  </Text>
</View>
`;
